
> nyayasetu@0.1.0 build
> next build

node.exe : ΓÜá 
Warning: Next.js 
inferred your 
workspace root, but 
it may not be correct.
At line:1 char:1
+ & "C:\Program Files\
nodejs/node.exe" 
"C:\Program 
Files\nodejs/node_mo 
...
+ ~~~~~~~~~~~~~~~~~~~~
~~~~~~~~~~~~~~~~~~~~~~
~~~~~~~~~~~~~~~~~~~~~~
~~~~~
    + CategoryInfo    
          : NotSpeci  
  fied: (ΓÜá Warnin   
 g: Ne...not be co    
rrect.:String) []    
, RemoteException
    + FullyQualifiedE 
   rrorId : NativeCo  
  mmandError
 
 We detected multiple 
lockfiles and 
selected the 
directory of C:\Users\
M23\package-lock.json 
as the root directory.
 To silence this 
warning, set 
`turbopack.root` in 
your Next.js config, 
or consider removing 
one of the lockfiles 
if it's not needed.
   See https://nextjs.
org/docs/app/api-refer
ence/config/next-confi
g-js/turbopack#root-di
rectory for more 
information.
 Detected additional 
lockfiles: 
   * C:\Users\M23\Desk
top\NyayaSetu\package-
lock.json

Γû▓ Next.js 16.1.6 (Turbopack)

  Creating an optimized production build ...

> Build error occurred
Error: Turbopack 
build failed with 3 
errors:
./Desktop/NyayaSetu/ap
p/page.tsx:6:1
Module not found: 
Can't resolve './compo
nents/layout/Footer'
[0m [90m 4 |[39m
 [90m 5 |[39m 
[36mimport[39m 
[33mHeader[39m 
[36mfrom[39m [32m".
/components/layout/Hea
der"[39m[33m;[39m
[31m[1m>[22m[39m[
90m 6 |[39m 
[36mimport[39m 
[33mFooter[39m 
[36mfrom[39m [32m".
/components/layout/Foo
ter"[39m[33m;[39m
 [90m   |[39m [31m
[1m^[22m[39m[31m[1
m^[22m[39m[31m[1m^
[22m[39m[31m[1m^[
22m[39m[31m[1m^[22
m[39m[31m[1m^[22m
[39m[31m[1m^[22m[3
9m[31m[1m^[22m[39m
[31m[1m^[22m[39m[
31m[1m^[22m[39m[31
m[1m^[22m[39m[31m
[1m^[22m[39m[31m[1
m^[22m[39m[31m[1m^
[22m[39m[31m[1m^[
22m[39m[31m[1m^[22
m[39m[31m[1m^[22m
[39m[31m[1m^[22m[3
9m[31m[1m^[22m[39m
[31m[1m^[22m[39m[
31m[1m^[22m[39m[31
m[1m^[22m[39m[31m
[1m^[22m[39m[31m[1
m^[22m[39m[31m[1m^
[22m[39m[31m[1m^[
22m[39m[31m[1m^[22
m[39m[31m[1m^[22m
[39m[31m[1m^[22m[3
9m[31m[1m^[22m[39m
[31m[1m^[22m[39m[
31m[1m^[22m[39m[31
m[1m^[22m[39m[31m
[1m^[22m[39m[31m[1
m^[22m[39m[31m[1m^
[22m[39m[31m[1m^[
22m[39m[31m[1m^[22
m[39m[31m[1m^[22m
[39m[31m[1m^[22m[3
9m[31m[1m^[22m[39m
[31m[1m^[22m[39m[
31m[1m^[22m[39m[31
m[1m^[22m[39m[31m
[1m^[22m[39m[31m[1
m^[22m[39m[31m[1m^
[22m[39m[31m[1m^[
22m[39m
 [90m 7 |[39m 
[36mimport[39m [33m
RoleSelector[39m 
[36mfrom[39m [32m".
/components/role-selec
tion/RoleSelector"[39
m[33m;[39m
 [90m 8 |[39m 
[36mimport[39m { 
useState } 
[36mfrom[39m [32m"r
eact"[39m[33m;[39m
 [90m 9 |[39m 
[36mimport[39m { 
useRouter } 
[36mfrom[39m [32m"n
ext/navigation"[39m[
33m;[39m[0m



Import traces:
  Client Component 
Browser:
    ./Desktop/NyayaSet
u/app/page.tsx 
[Client Component 
Browser]
    ./Desktop/NyayaSet
u/app/page.tsx 
[Server Component]

  Client Component 
SSR:
    ./Desktop/NyayaSet
u/app/page.tsx 
[Client Component SSR]
    ./Desktop/NyayaSet
u/app/page.tsx 
[Server Component]

https://nextjs.org/doc
s/messages/module-not-
found


./Desktop/NyayaSetu/ap
p/page.tsx:5:1
Module not found: 
Can't resolve './compo
nents/layout/Header'
[0m [90m 3 |[39m 
[32m"use client"[39m
[33m;[39m
 [90m 4 |[39m
[31m[1m>[22m[39m[
90m 5 |[39m 
[36mimport[39m 
[33mHeader[39m 
[36mfrom[39m [32m".
/components/layout/Hea
der"[39m[33m;[39m
 [90m   |[39m [31m
[1m^[22m[39m[31m[1
m^[22m[39m[31m[1m^
[22m[39m[31m[1m^[
22m[39m[31m[1m^[22
m[39m[31m[1m^[22m
[39m[31m[1m^[22m[3
9m[31m[1m^[22m[39m
[31m[1m^[22m[39m[
31m[1m^[22m[39m[31
m[1m^[22m[39m[31m
[1m^[22m[39m[31m[1
m^[22m[39m[31m[1m^
[22m[39m[31m[1m^[
22m[39m[31m[1m^[22
m[39m[31m[1m^[22m
[39m[31m[1m^[22m[3
9m[31m[1m^[22m[39m
[31m[1m^[22m[39m[
31m[1m^[22m[39m[31
m[1m^[22m[39m[31m
[1m^[22m[39m[31m[1
m^[22m[39m[31m[1m^
[22m[39m[31m[1m^[
22m[39m[31m[1m^[22
m[39m[31m[1m^[22m
[39m[31m[1m^[22m[3
9m[31m[1m^[22m[39m
[31m[1m^[22m[39m[
31m[1m^[22m[39m[31
m[1m^[22m[39m[31m
[1m^[22m[39m[31m[1
m^[22m[39m[31m[1m^
[22m[39m[31m[1m^[
22m[39m[31m[1m^[22
m[39m[31m[1m^[22m
[39m[31m[1m^[22m[3
9m[31m[1m^[22m[39m
[31m[1m^[22m[39m[
31m[1m^[22m[39m[31
m[1m^[22m[39m[31m
[1m^[22m[39m[31m[1
m^[22m[39m[31m[1m^
[22m[39m[31m[1m^[
22m[39m
 [90m 6 |[39m 
[36mimport[39m 
[33mFooter[39m 
[36mfrom[39m [32m".
/components/layout/Foo
ter"[39m[33m;[39m
 [90m 7 |[39m 
[36mimport[39m [33m
RoleSelector[39m 
[36mfrom[39m [32m".
/components/role-selec
tion/RoleSelector"[39
m[33m;[39m
 [90m 8 |[39m 
[36mimport[39m { 
useState } 
[36mfrom[39m [32m"r
eact"[39m[33m;[39m
[0m



Import traces:
  Client Component 
Browser:
    ./Desktop/NyayaSet
u/app/page.tsx 
[Client Component 
Browser]
    ./Desktop/NyayaSet
u/app/page.tsx 
[Server Component]

  Client Component 
SSR:
    ./Desktop/NyayaSet
u/app/page.tsx 
[Client Component SSR]
    ./Desktop/NyayaSet
u/app/page.tsx 
[Server Component]

https://nextjs.org/doc
s/messages/module-not-
found


./Desktop/NyayaSetu/ap
p/page.tsx:7:1
Module not found: 
Can't resolve './compo
nents/role-selection/R
oleSelector'
[0m [90m  5 |[39m 
[36mimport[39m 
[33mHeader[39m 
[36mfrom[39m [32m".
/components/layout/Hea
der"[39m[33m;[39m
 [90m  6 |[39m 
[36mimport[39m 
[33mFooter[39m 
[36mfrom[39m [32m".
/components/layout/Foo
ter"[39m[33m;[39m
[31m[1m>[22m[39m[
90m  7 |[39m 
[36mimport[39m [33m
RoleSelector[39m 
[36mfrom[39m [32m".
/components/role-selec
tion/RoleSelector"[39
m[33m;[39m
 [90m    |[39m [31m
[1m^[22m[39m[31m[
1m^[22m[39m[31m[1m
^[22m[39m[31m[1m^
[22m[39m[31m[1m^[2
2m[39m[31m[1m^[22m
[39m[31m[1m^[22m[
39m[31m[1m^[22m[39
m[31m[1m^[22m[39m
[31m[1m^[22m[39m[3
1m[1m^[22m[39m[31m
[1m^[22m[39m[31m[
1m^[22m[39m[31m[1m
^[22m[39m[31m[1m^
[22m[39m[31m[1m^[2
2m[39m[31m[1m^[22m
[39m[31m[1m^[22m[
39m[31m[1m^[22m[39
m[31m[1m^[22m[39m
[31m[1m^[22m[39m[3
1m[1m^[22m[39m[31m
[1m^[22m[39m[31m[
1m^[22m[39m[31m[1m
^[22m[39m[31m[1m^
[22m[39m[31m[1m^[2
2m[39m[31m[1m^[22m
[39m[31m[1m^[22m[
39m[31m[1m^[22m[39
m[31m[1m^[22m[39m
[31m[1m^[22m[39m[3
1m[1m^[22m[39m[31m
[1m^[22m[39m[31m[
1m^[22m[39m[31m[1m
^[22m[39m[31m[1m^
[22m[39m[31m[1m^[2
2m[39m[31m[1m^[22m
[39m[31m[1m^[22m[
39m[31m[1m^[22m[39
m[31m[1m^[22m[39m
[31m[1m^[22m[39m[3
1m[1m^[22m[39m[31m
[1m^[22m[39m[31m[
1m^[22m[39m[31m[1m
^[22m[39m[31m[1m^
[22m[39m[31m[1m^[2
2m[39m[31m[1m^[22m
[39m[31m[1m^[22m[
39m[31m[1m^[22m[39
m[31m[1m^[22m[39m
[31m[1m^[22m[39m[3
1m[1m^[22m[39m[31m
[1m^[22m[39m[31m[
1m^[22m[39m[31m[1m
^[22m[39m[31m[1m^
[22m[39m[31m[1m^[2
2m[39m[31m[1m^[22m
[39m[31m[1m^[22m[
39m[31m[1m^[22m[39
m[31m[1m^[22m[39m
[31m[1m^[22m[39m[3
1m[1m^[22m[39m[31m
[1m^[22m[39m[31m[
1m^[22m[39m
 [90m  8 |[39m 
[36mimport[39m { 
useState } 
[36mfrom[39m [32m"r
eact"[39m[33m;[39m
 [90m  9 |[39m 
[36mimport[39m { 
useRouter } 
[36mfrom[39m [32m"n
ext/navigation"[39m[
33m;[39m
 [90m 10 |[39m[0m



Import traces:
  Client Component 
Browser:
    ./Desktop/NyayaSet
u/app/page.tsx 
[Client Component 
Browser]
    ./Desktop/NyayaSet
u/app/page.tsx 
[Server Component]

  Client Component 
SSR:
    ./Desktop/NyayaSet
u/app/page.tsx 
[Client Component SSR]
    ./Desktop/NyayaSet
u/app/page.tsx 
[Server Component]

https://nextjs.org/doc
s/messages/module-not-
found


    at <unknown> (./De
sktop/NyayaSetu/app/pa
ge.tsx:6:1)
    at <unknown> (http
s://nextjs.org/docs/me
ssages/module-not-foun
d)
    at <unknown> (./De
sktop/NyayaSetu/app/pa
ge.tsx:5:1)
    at <unknown> (http
s://nextjs.org/docs/me
ssages/module-not-foun
d)
    at <unknown> (./De
sktop/NyayaSetu/app/pa
ge.tsx:7:1)
    at <unknown> (http
s://nextjs.org/docs/me
ssages/module-not-foun
d)
